[www.mhi.com/index.html]
[backblue.gif]
[fade.gif]
[index.html]
[www.mhi.com/themes/custom/mhi_base_theme/favicons/en/favicon.ico]
[www.mhi.com/themes/custom/mhi_base_theme/favicons/en/apple_touch_icon.png]
[www.mhi.com/jp.html]
[www.mhi.com/sites/g/files/jwhtju111/files/google_tag/google_tag/mhi/google_tag.scriptd59e.js]
[www.mhi.com/sites/g/files/jwhtju111/files/css/css_oxLWOZayK1TRecSwaYwm049a-ZpK6d1rB76v-ns4hZo.css]
[www.mhi.com/sites/g/files/jwhtju111/files/css/css_CkI3LmNJ7q5u7vgPlbGRpHze6RUqW2r6fTiA6GvkBQo.css]
[www.mhi.com/sites/g/files/jwhtju111/files/css/css_npYYriCqvk444NEOIIcVTaL2youfsF04to-0pVnMrvo.css]
[www.mhi.com/sites/g/files/jwhtju111/files/css/css_OWsRpFuNLpSm6-I6XZN1veEhZmSrbxQ1BRex4EE_n8E.css]
[www.mhi.com/core/assets/vendor/modernizr/modernizr.minad3d.js]
[www.mhi.com/core/misc/modernizr-additional-testsad3d.js]
[www.mhi.com/modules/contrib/seckit/js/seckit.document_write.js]
[www.mhi.com/modules/contrib/seckit/css/seckit.noscript_tag.css]
[www.mhi.com/themes/custom/mhi/logo_en.svg]
[www.mhi.com/network/text_version.html]
[www.mhi.com/themes/custom/mhi/src/img/head_mhigroup_logo.svg]
[www.mhi.com/news.html]
[www.mhi.com/recruit.html]
[www.mhi.com/company.html]
[www.mhi.com/company/aboutmhi.html]
[www.mhi.com/company/message.html]
[www.mhi.com/company/technology.html]
[www.mhi.com/company/location.html]
[www.mhi.com/company/procurement.html]
[www.mhi.com/company/regions.html]
[www.mhi.com/company/aboutmhi/introduction.html]
[www.mhi.com/expertise.html]
[www.mhi.com/expertise/museum.html]
[www.mhi.com/expertise/event.html]
[www.mhi.com/expertise/carbon-neutral.html]
[www.mhi.com/expertise/museum/minatomirai.html]
[www.mhi.com/products.html]
[www.mhi.com/products/energy.html]
[www.mhi.com/products/air.html]
[www.mhi.com/products/space.html]
[www.mhi.com/products/ship.html]
[www.mhi.com/products/transport.html]
[www.mhi.com/products/material_handling.html]
[www.mhi.com/products/environment.html]
[www.mhi.com/products/automobile.html]
[www.mhi.com/products/industry.html]
[www.mhi.com/products/infrastructure.html]
[www.mhi.com/products/living.html]
[www.mhi.com/products/defense.html]
[www.mhi.com/products/engineering.html]
[www.mhi.com/sustainability.html]
[www.mhi.com/sustainability/management.html]
[www.mhi.com/sustainability/library.html]
[www.mhi.com/sustainability/environment.html]
[www.mhi.com/sustainability/social.html]
[www.mhi.com/sustainability/governance.html]
[www.mhi.com/finance.html]
[www.mhi.com/finance/management.html]
[www.mhi.com/finance/finance.html]
[www.mhi.com/finance/library.html]
[www.mhi.com/finance/stock.html]
[www.mhi.com/finance/calendar.html]
[www.mhi.com/finance/faq.html]
[www.mhi.com/finance/disclaimer.html]
[www.mhi.com/finance/sitemap.html]
[www.mhi.com/network.html]
[www.mhi.com/network/area.html]
[www.mhi.com/network/products.html]
[www.mhi.com/network/business.html]
[www.mhi.com/network/alphabetize.html]
[www.mhi.com/expertise/carbon-neutral/carbon-neutral-society-ceo.html]
[www.mhi.com/sites/g/files/jwhtju111/files/2022-04/HP_hero-image_CEO2.jpg]
[www.mhi.com/sites/g/files/jwhtju111/files/2022-04/Mobile_CEO_2.jpg]
[www.mhi.com/expertise/carbon-neutral/carbon-neutral-society-cto.html]
[www.mhi.com/sites/g/files/jwhtju111/files/2022-04/HP_hero-image_CTO2.jpg]
[www.mhi.com/sites/g/files/jwhtju111/files/2022-04/Mobile_CTO_2.jpg]
[www.mhi.com/sites/g/files/jwhtju111/files/2021-10/MISSION_NET_ZERO_en_0.jpg]
[www.mhi.com/sites/g/files/jwhtju111/files/2021-10/MISSION_NET_ZERO_en_sp.jpg]
[www.mhi.com/sites/g/files/jwhtju111/files/2021-05/index_cvideo_kve.jpg]
[www.mhi.com/sites/g/files/jwhtju111/files/2021-05/index_cvideo_kve_sp_0.jpg]
[www.mhi.com/sustainability/environment/biodiversity_initiatives.html]
[www.mhi.com/sites/g/files/jwhtju111/files/2020-09/index_csrturtle_kvE_01.jpg]
[www.mhi.com/sites/g/files/jwhtju111/files/2020-09/index_csrturtle_kvE_02.jpg]
[images.ctfassets.net/7tzggpdkjdtg/1aRuun9B29Z3bo5sBdtRmX/2f6d98204fe5420ad984d9547bbc2ea7/imageedit_8_7539888239.jpg]
[images.ctfassets.net/7tzggpdkjdtg/7z7fPl1GSFDP8kk5Bh0wqc/789ad70e5652b521f069bcb07f923d3f/imageedit_12_2102356435.jpg]
[images.ctfassets.net/7tzggpdkjdtg/2n8QZx0YWq7YjFEjmTCS06/988a945dd8f90aee0e06ddeb89f4b944/tak-ishikawa.jpg]
[www.mhi.com/news/22101302.html]
[www.mhi.com/jp/media/392351/img_sam_22101302.jpg]
[www.mhi.com/news/22101301.html]
[www.mhi.com/jp/media/392341/img_sam_22101301.jpg]
[www.mhi.com/media/375366/mp_logo.jpg]
[www.mhi.com/news/22100702.html]
[www.mhi.com/jp/media/392291/img_sam_22100702.jpg]
[www.mhi.com/news/22100701.html]
[www.mhi.com/jp/media/392251/img_sam_22100701.jpg]
[www.mhi.com/notice.html]
[www.mhi.com/notice/notice_220930.html]
[www.mhi.com/notice/notice_22040102.html]
[www.mhi.com/notice/notice_22040101.html]
[www.mhi.com/themes/custom/mhi/src/img/foot_mhigroup_logo.svg]
[www.mhi.com/conditions.html]
[www.mhi.com/themes/custom/mhi/src/img/youtube_ico.svg]
[www.mhi.com/themes/custom/mhi/src/img/linkedin_ico.svg]
[www.mhi.com/themes/custom/mhi/src/img/twitter_ico.svg]
[www.mhi.com/themes/custom/mhi/src/img/feed_ico.svg]
[www.mhi.com/sitemap.html]
[www.mhi.com/privacy.html]
[www.mhi.com/rss/index.html]
[www.mhi.com/inquiry.html]
[www.mhi.com/index.html]
[www.mhi.com/themes/custom/mhi_base_theme/favicons/ja/favicon.ico]
[www.mhi.com/sites/g/files/jwhtju111/files/js/js_vP7hGGqFR3B-tul9xV7bNbHG36hr4teVOMG4-WnNULY.js]
[www.mhi.com/themes/custom/mhi_base_theme/favicons/ja/apple_touch_icon.png]
[c.marsflag.com/mf/mfx/1.0/js/mfx-sbox.js]
[www.mhi.com/sites/g/files/jwhtju111/files/js/js__hjZMemmsBZnqDuwFqKS63ALnoHDbmQl75qyY75HCt4.js]
[www.mhi.com/sites/g/files/jwhtju111/files/css/css_KGZBht4tZmi4zKyn79jopqJMoJxFGNQrP3pF8ESYOOQ.css]
[www.mhi.com/themes/custom/mhi/logo_ja.svg]
[www.mhi.com/jp/network/text_version.html]
[www.mhi.com/jp/news.html]
[www.mhi.com/jp/recruit.html]
[www.mhi.com/jp/company.html]
[www.mhi.com/jp/company/aboutmhi.html]
[www.mhi.com/jp/company/message.html]
[www.mhi.com/jp/company/technology.html]
[www.mhi.com/jp/company/location.html]
[www.mhi.com/jp/company/procurement.html]
[www.mhi.com/jp/company/hospital.html]
[www.mhi.com/jp/company/aboutmhi/introduction.html]
[www.mhi.com/jp/company/sports.html]
[www.mhi.com/jp/expertise.html]
[www.mhi.com/jp/expertise/museum.html]
[www.mhi.com/jp/expertise/event.html]
[www.mhi.com/jp/expertise/carbon-neutral.html]
[www.mhi.com/jp/expertise/museum/minatomirai.html]
[www.mhi.com/jp/products.html]
[www.mhi.com/jp/products/energy.html]
[www.mhi.com/jp/products/air.html]
[www.mhi.com/jp/products/space.html]
[www.mhi.com/jp/products/ship.html]
[www.mhi.com/jp/products/transport.html]
[www.mhi.com/jp/products/material_handling.html]
[www.mhi.com/jp/products/environment.html]
[www.mhi.com/jp/products/automobile.html]
[www.mhi.com/jp/products/industry.html]
[www.mhi.com/jp/products/infrastructure.html]
[www.mhi.com/jp/products/living.html]
[www.mhi.com/jp/products/defense.html]
[www.mhi.com/jp/products/engineering.html]
[www.mhi.com/jp/sustainability.html]
[www.mhi.com/jp/sustainability/management.html]
[www.mhi.com/jp/sustainability/library.html]
[www.mhi.com/jp/sustainability/environment.html]
[www.mhi.com/jp/sustainability/social.html]
[www.mhi.com/jp/sustainability/governance.html]
[www.mhi.com/jp/finance.html]
[www.mhi.com/jp/finance/individual.html]
[www.mhi.com/jp/finance/management.html]
[www.mhi.com/jp/finance/finance.html]
[www.mhi.com/jp/finance/library.html]
[www.mhi.com/jp/finance/stock.html]
[www.mhi.com/jp/finance/calendar.html]
[www.mhi.com/jp/finance/publicnotice.html]
[www.mhi.com/jp/finance/request.html]
[www.mhi.com/jp/finance/faq.html]
[www.mhi.com/jp/finance/disclaimer.html]
[www.mhi.com/jp/finance/sitemap.html]
[www.mhi.com/jp/finance/howto.html]
[www.mhi.com/jp/network.html]
[www.mhi.com/jp/network/area.html]
[www.mhi.com/jp/network/products.html]
[www.mhi.com/jp/network/business.html]
[www.mhi.com/jp/network/alphabetize.html]
[www.mhi.com/sites/g/files/jwhtju111/files/2022-03/HP_landing-image_JP_0.jpg]
[www.mhi.com/sites/g/files/jwhtju111/files/2022-03/Mobile_CEO-CTO_JP_2.jpg]
[www.mhi.com/sites/g/files/jwhtju111/files/2021-05/index_cvideo_kvj_2.jpg]
[www.mhi.com/sites/g/files/jwhtju111/files/2021-05/index_cvideo_kvj_sp_0.jpg]
[www.mhi.com/jp/sustainability/management/stakeholder_dialogue01.html]
[www.mhi.com/sites/g/files/jwhtju111/files/2022-04/index_csrturtle_kvJ_pc.jpg]
[www.mhi.com/sites/g/files/jwhtju111/files/2022-04/index_csrturtle_kvJ_sp.jpg]
[images.ctfassets.net/7tzggpdkjdtg/6WdKKfaddGG5yGJ9eSW5xK/0ce3a1c19dbc3d54c77287882a852aa3/YHH-entrance.jpg]
[images.ctfassets.net/7tzggpdkjdtg/VJNdFEyiHg7Vy7IpYGbbP/0a39cd9578881eac58f443dc23e4f3e0/imageedit_316_2052760346.jpg]
[images.ctfassets.net/7tzggpdkjdtg/6Vkh7PeDQXb92zaZLEM9qo/2777722183b0f13ab519bb424a0bf0c5/imageedit_6_5734543633.jpg]
[www.mhi.com/jp/news/22101302.html]
[www.mhi.com/jp/news/22101301.html]
[www.mhi.com/jp/news/221012.html]
[www.mhi.com/jp/media/392331/img_sam_221012.jpg]
[www.mhi.com/jp/news/22100702.html]
[www.mhi.com/jp/news/22100701.html]
[www.mhi.com/jp/notice.html]
[www.mhi.com/jp/notice/notice_220930.html]
[www.mhi.com/jp/notice/notice_220428.html]
[www.mhi.com/jp/conditions.html]
[www.mhi.com/jp/sitemap.html]
[www.mhi.com/jp/privacy.html]
[www.mhi.com/jp/rss/index.html]
[www.mhi.com/jp/inquiry.html]
[www.mhi.com/sites/g/files/jwhtju111/files/js/js_ENytsrpV9z3-8k_ILPKTKAAxTLhzA0DZDF8qmlqDFsY.js]
[www.mhi.com/jp.html]
[www.mhi.com/sites/g/files/jwhtju111/files/js/js_xsxlqMO56JBwyKDi901Y0qIR39OQ4rWnhbgLwPzdREg.js]
[www.mhi.com/core/themes/stable/images/core/throbber-active.gif]
[www.mhi.com/core/themes/stable/images/core/loading-small.gif]
[www.mhi.com/core/themes/stable/images/core/throbber-inactive.png]
[www.mhi.com/core/themes/stable/images/core/icons/e32700/error.svg]
[www.mhi.com/core/themes/stable/images/core/icons/e29700/warning.svg]
[www.mhi.com/core/themes/stable/images/core/icons/73b355/check.svg]
[www.mhi.com/core/themes/stable/images/core/icons/787878/move.svg]
[www.mhi.com/core/themes/stable/images/core/icons/000000/move.svg]
[www.mhi.com/core/themes/stable/images/core/icons/787878/twistie-down.svg]
[www.mhi.com/core/themes/stable/images/core/icons/787878/twistie-up.svg]
[www.mhi.com/core/themes/stable/images/core/tree.png]
[www.mhi.com/core/themes/stable/images/core/tree-bottom.png]
[www.mhi.com/sites/g/files/jwhtju111/files/css/css_oxLWOZayK1TRecSwaYwm049a-ZpK6d1rB76v-ns4hZo.css]
[www.mhi.com/themes/custom/mhi/src/mhi/images/txt_link_arrow_icn.svg]
[www.mhi.com/themes/custom/mhi/src/mhi/images/nv_link_arrow_icn.svg]
[www.mhi.com/themes/custom/mhi/src/mhi/images/pdf_ico.svg]
[www.mhi.com/themes/custom/mhi/src/mhi/images/print_ico.svg]
[www.mhi.com/themes/custom/mhi/src/mhi/images/download_ico.svg]
[www.mhi.com/themes/custom/mhi/src/mhi/images/win_ico.svg]
[www.mhi.com/themes/custom/mhi/src/mhi/images/mailmaga_ico.svg]
[www.mhi.com/themes/custom/mhi/src/mhi/images/map_ico.svg]
[www.mhi.com/themes/custom/mhi/src/mhi/images/show_ico.svg]
[www.mhi.com/themes/custom/mhi/src/mhi/images/select_arrow_icn.svg]
[www.mhi.com/themes/custom/mhi/src/mhi/images/txt_link_arrow_icn_white.svg]
[www.mhi.com/themes/custom/mhi/src/mhi/images/checkbox_arrow_ico.png]
[www.mhi.com/themes/custom/mhi/src/mhi/images/icon_playmovie_01.svg]
[www.mhi.com/themes/custom/mhi/src/mhi/images/back_arrow_icn.svg]
[www.mhi.com/themes/custom/mhi/src/mhi/images/next_arrow_icn.svg]
[www.mhi.com/themes/custom/mhi/src/mhi/images/txt_link_arrow_icn_green.svg]
[www.mhi.com/themes/custom/mhi/src/mhi/images/txt_link_arrow_icn_red.svg]
[www.mhi.com/themes/custom/mhi/src/mhi/images/arrow_prev_ico.png]
[www.mhi.com/themes/custom/mhi/src/mhi/images/arrow_next_ico.png]
[www.mhi.com/themes/custom/mhi/src/mhi/images/icn_loading.svg]
[www.mhi.com/themes/custom/mhi/src/mhi/images/bg_step_flow.gif]
[www.mhi.com/themes/custom/mhi/src/mhi/images/index_kv_02.png]
[www.mhi.com/themes/custom/mhi/src/mhi/images/index_world_icn.png]
[www.mhi.com/themes/custom/mhi/src/mhi/images/movie_play_ico.png]
[www.mhi.com/themes/custom/mhi/src/mhi/images/index_list_arrow_icn.svg]
[www.mhi.com/themes/custom/mhi/src/mhi/images/index_movie_img.png]
[www.mhi.com/themes/custom/mhi/src/mhi/images/index_spectra_img.png]
[www.mhi.com/themes/custom/mhi/src/mhi/images/index_spectra_logo.svg]
[www.mhi.com/themes/custom/mhi/src/mhi/images/index_win_off_icn.svg]
[www.mhi.com/themes/custom/mhi/src/mhi/images/index_win_on_icn.svg]
[www.mhi.com/themes/custom/mhi/src/mhi/images/txt_link_arrow_icn_black.svg]
[www.mhi.com/themes/custom/mhi/src/mhi/images/index_search_icn.png]
[www.mhi.com/themes/custom/mhi/src/mhi/images/gnav_close_arrow_ico.png]
[www.mhi.com/themes/custom/mhi/src/mhi/images/gnav_open_arrow_ico.png]
[www.mhi.com/themes/custom/mhi/src/mhi/images/index_kv.png]
[www.mhi.com/themes/custom/mhi/src/mhi/images/pdf_white_icn.svg]
[www.mhi.com/themes/custom/mhi/src/mhi/images/win_white_icn.svg]
[www.mhi.com/themes/custom/mhi/src/mhi/images/index_kv_img.png]
[www.mhi.com/themes/custom/mhi/src/mhi/images/index_topics_icn_06.svg]
[www.mhi.com/themes/custom/mhi/src/mhi/images/index_kv_icn_01.png]
[www.mhi.com/themes/custom/mhi/src/mhi/images/index_topics_icn_01.svg]
[www.mhi.com/themes/custom/mhi/src/mhi/images/index_topics_icn_02.svg]
[www.mhi.com/themes/custom/mhi/src/mhi/images/index_topics_icn_03.svg]
[www.mhi.com/themes/custom/mhi/src/mhi/images/index_topics_icn_04.svg]
[www.mhi.com/themes/custom/mhi/src/mhi/images/index_topics_icn_05.svg]
[www.mhi.com/themes/custom/mhi/src/mhi/images/index_kv_icn_02.png]
[www.mhi.com/themes/custom/mhi/src/mhi/images/menu_close_ico.png]
[www.mhi.com/jp/finance/stock/denshika/images/index_arrow_icn.png]
[www.mhi.com/themes/custom/mhi/src/mhi/images/news_open_arrow_icn.svg]
[www.mhi.com/themes/custom/mhi/src/mhi/images/news_close_arrow_icn.svg]
[www.mhi.com/themes/custom/mhi/src/mhi/images/temp_media_icn.png]
[www.mhi.com/themes/custom/mhi/src/mhi/images/win_green_icn.svg]
[www.mhi.com/themes/custom/mhi/src/mhi/images/speach_icn.png]
[www.mhi.com/themes/custom/mhi/src/mhi/images/comside_line.gif]
[www.mhi.com/sites/g/files/jwhtju111/files/css/css_CkI3LmNJ7q5u7vgPlbGRpHze6RUqW2r6fTiA6GvkBQo.css]
[www.mhi.com/sites/g/files/jwhtju111/files/css/css_npYYriCqvk444NEOIIcVTaL2youfsF04to-0pVnMrvo.css]
[www.mhi.com/sites/g/files/jwhtju111/files/css/css_OWsRpFuNLpSm6-I6XZN1veEhZmSrbxQ1BRex4EE_n8E.css]
[www.mhi.com/modules/contrib/seckit/css/seckit.no_body.css]
[www.mhi.com/modules/contrib/seckit/css/seckit.noscript_tag.css]
[www.mhi.com/themes/custom/mhi/logo_en.svg]
[www.mhi.com/sites/g/files/jwhtju111/files/css/css_QRKUaqgpEgyOMZrrQwmELwskhDE9PyDFT7hNL20_XrI.css]
[www.mhi.com/network/area/japan.html]
[www.mhi.com/network/index.html]
[www.mhi.com/network/area/north_america.html]
[www.mhi.com/network/area/south_america.html]
[www.mhi.com/network/area/europe.html]
[www.mhi.com/network/area/middle_east.html]
[www.mhi.com/network/area/asia.html]
[www.mhi.com/network/area/china.html]
[www.mhi.com/network/area/oceania.html]
[www.mhi.com/network/area/africa.html]
[www.mhi.com/network/products/energy.html]
[www.mhi.com/network/products/air.html]
[www.mhi.com/network/products/space.html]
[www.mhi.com/network/products/ship.html]
[www.mhi.com/network/products/transport.html]
[www.mhi.com/network/products/material_handling.html]
[www.mhi.com/network/products/environment.html]
[www.mhi.com/network/products/automobile.html]
[www.mhi.com/network/products/industry.html]
[www.mhi.com/network/products/infrastructure.html]
[www.mhi.com/network/products/living.html]
[www.mhi.com/network/products/others.html]
[www.mhi.com/network/business/sales.html]
[www.mhi.com/network/business/afterservice.html]
[www.mhi.com/network/business/design.html]
[www.mhi.com/network/business/production.html]
[www.mhi.com/network/text_version.html]
[www.mhi.com/themes/custom/mhi/src/img/head_mhigroup_logo.svg]
[www.mhi.com/news.html]
[www.mhi.com/recruit.html]
[www.mhi.com/company.html]
[www.mhi.com/company/aboutmhi.html]
[www.mhi.com/company/message.html]
[www.mhi.com/company/technology.html]
[www.mhi.com/company/location.html]
[www.mhi.com/company/procurement.html]
[www.mhi.com/company/regions.html]
[www.mhi.com/company/aboutmhi/introduction.html]
[www.mhi.com/expertise.html]
[www.mhi.com/expertise/museum.html]
[www.mhi.com/expertise/event.html]
[www.mhi.com/expertise/carbon-neutral.html]
[www.mhi.com/expertise/museum/minatomirai.html]
[www.mhi.com/products.html]
[www.mhi.com/products/energy.html]
[www.mhi.com/products/air.html]
[www.mhi.com/products/space.html]
[www.mhi.com/products/ship.html]
[www.mhi.com/products/transport.html]
[www.mhi.com/products/material_handling.html]
[www.mhi.com/products/environment.html]
[www.mhi.com/products/automobile.html]
[www.mhi.com/products/industry.html]
[www.mhi.com/products/infrastructure.html]
[www.mhi.com/products/living.html]
[www.mhi.com/products/defense.html]
[www.mhi.com/products/engineering.html]
[www.mhi.com/sustainability.html]
[www.mhi.com/sustainability/management.html]
[www.mhi.com/sustainability/library.html]
[www.mhi.com/sustainability/environment.html]
[www.mhi.com/sustainability/social.html]
[www.mhi.com/sustainability/governance.html]
[www.mhi.com/finance.html]
[www.mhi.com/finance/management.html]
[www.mhi.com/finance/finance.html]
[www.mhi.com/finance/library.html]
[www.mhi.com/finance/stock.html]
[www.mhi.com/finance/calendar.html]
[www.mhi.com/finance/faq.html]
[www.mhi.com/finance/disclaimer.html]
[www.mhi.com/finance/sitemap.html]
[www.mhi.com/network.html]
[www.mhi.com/network/area.html]
[www.mhi.com/network/products.html]
[www.mhi.com/network/business.html]
[www.mhi.com/network/alphabetize.html]
[www.mhi.com/expertise/carbon-neutral/carbon-neutral-society-ceo.html]
[www.mhi.com/expertise/carbon-neutral/carbon-neutral-society-cto.html]
[www.mhi.com/sustainability/environment/biodiversity_initiatives.html]
[www.mhi.com/news/22101302.html]
[www.mhi.com/news/22101301.html]
[www.mhi.com/news/22100702.html]
[www.mhi.com/news/22100701.html]
[www.mhi.com/notice.html]
[www.mhi.com/notice/notice_220930.html]
[www.mhi.com/notice/notice_22040102.html]
[www.mhi.com/notice/notice_22040101.html]
[www.mhi.com/themes/custom/mhi/src/img/foot_mhigroup_logo.svg]
[www.mhi.com/conditions.html]
[www.mhi.com/themes/custom/mhi/src/img/youtube_ico.svg]
[www.mhi.com/themes/custom/mhi/src/img/linkedin_ico.svg]
[www.mhi.com/themes/custom/mhi/src/img/twitter_ico.svg]
[www.mhi.com/rss/index.html]
[www.mhi.com/themes/custom/mhi/src/img/feed_ico.svg]
[www.mhi.com/sitemap.html]
[www.mhi.com/privacy.html]
[www.mhi.com/inquiry.html]
[www.mhi.com/sites/g/files/jwhtju111/files/css/css_KGZBht4tZmi4zKyn79jopqJMoJxFGNQrP3pF8ESYOOQ.css]
[www.mhi.com/themes/custom/mhi/logo_ja.svg]
[www.mhi.com/jp/network/text_version.html]
[www.mhi.com/jp/news.html]
[www.mhi.com/jp/recruit.html]
[www.mhi.com/jp/company.html]
[www.mhi.com/jp/company/aboutmhi.html]
[www.mhi.com/jp/company/message.html]
[www.mhi.com/jp/company/technology.html]
[www.mhi.com/jp/company/location.html]
[www.mhi.com/jp/company/procurement.html]
[www.mhi.com/jp/company/hospital.html]
[www.mhi.com/jp/company/aboutmhi/introduction.html]
[www.mhi.com/jp/company/sports.html]
[www.mhi.com/jp/expertise.html]
[www.mhi.com/jp/expertise/museum.html]
[www.mhi.com/jp/expertise/event.html]
[www.mhi.com/jp/expertise/carbon-neutral.html]
[www.mhi.com/jp/expertise/museum/minatomirai.html]
[www.mhi.com/jp/products.html]
[www.mhi.com/jp/products/energy.html]
[www.mhi.com/jp/products/air.html]
[www.mhi.com/jp/products/space.html]
[www.mhi.com/jp/products/ship.html]
[www.mhi.com/jp/products/transport.html]
[www.mhi.com/jp/products/material_handling.html]
[www.mhi.com/jp/products/environment.html]
[www.mhi.com/jp/products/automobile.html]
[www.mhi.com/jp/products/industry.html]
[www.mhi.com/jp/products/infrastructure.html]
[www.mhi.com/jp/products/living.html]
[www.mhi.com/jp/products/defense.html]
[www.mhi.com/jp/products/engineering.html]
[www.mhi.com/jp/sustainability.html]
[www.mhi.com/jp/sustainability/management.html]
[www.mhi.com/jp/sustainability/library.html]
[www.mhi.com/jp/sustainability/environment.html]
[www.mhi.com/jp/sustainability/social.html]
[www.mhi.com/jp/sustainability/governance.html]
[www.mhi.com/jp/finance.html]
[www.mhi.com/jp/finance/individual.html]
[www.mhi.com/jp/finance/management.html]
[www.mhi.com/jp/finance/finance.html]
[www.mhi.com/jp/finance/library.html]
[www.mhi.com/jp/finance/stock.html]
[www.mhi.com/jp/finance/calendar.html]
[www.mhi.com/jp/finance/publicnotice.html]
[www.mhi.com/jp/finance/request.html]
[www.mhi.com/jp/finance/faq.html]
[www.mhi.com/jp/finance/disclaimer.html]
[www.mhi.com/jp/finance/sitemap.html]
[www.mhi.com/jp/finance/howto.html]
[www.mhi.com/jp/network.html]
[www.mhi.com/jp/network/area.html]
[www.mhi.com/jp/network/products.html]
[www.mhi.com/jp/network/business.html]
[www.mhi.com/jp/network/alphabetize.html]
[www.mhi.com/jp/sustainability/management/stakeholder_dialogue01.html]
[www.mhi.com/jp/news/22101302.html]
[www.mhi.com/jp/news/22101301.html]
[www.mhi.com/jp/news/221012.html]
[www.mhi.com/jp/news/22100702.html]
[www.mhi.com/jp/news/22100701.html]
